########## verify_ct_reduce_once ##########
 ** 0 of 7 failed
VERIFICATION:- SUCCESSFUL
Verification Time: 0.060455736s
Complete - 1 successfully verified harnesses, 0 failures, 1 total.

########## verify_montgomery_reduce ##########
 ** 0 of 20 failed
VERIFICATION:- SUCCESSFUL
Verification Time: 463.60526s
Complete - 1 successfully verified harnesses, 0 failures, 1 total.

########## verify_from_plain_to_plain_roundtrip ##########
 ** 0 of 7 failed
VERIFICATION:- SUCCESSFUL
Verification Time: 2.2791007s
Complete - 1 successfully verified harnesses, 0 failures, 1 total.

########## verify_multiplication_correct ##########

########## verify_add_sub_correct ##########
bash: [1160090: 1 (255)] tcsetattr: Inappropriate ioctl for device

########## verify_constants ##########
Failed Checks: Q_INV_NEG ist nicht -q^-1 mod R
VERIFICATION:- FAILED
Verification Time: 0.053702857s
Complete - 0 successfully verified harnesses, 1 failures, 1 total.

########## verify_bit_reversal_index_safe ##########
 ** 0 of 8 failed
VERIFICATION:- SUCCESSFUL
Verification Time: 0.08270531s
Complete - 1 successfully verified harnesses, 0 failures, 1 total.

########## verify_butterfly_bounds ##########
 ** 0 of 23 failed
VERIFICATION:- SUCCESSFUL
Verification Time: 0.11948867s
Complete - 1 successfully verified harnesses, 0 failures, 1 total.

########## verify_ntt_context_tables_in_range ##########
 ** 0 of 107 failed (1 unreachable)
VERIFICATION:- SUCCESSFUL
Verification Time: 60.909996s
Complete - 1 successfully verified harnesses, 0 failures, 1 total.

